2026-05-08 07:49:38,665 [comprehensive] INFO: ======================================================================
2026-05-08 07:49:38,665 [comprehensive] INFO: Comprehensive accuracy & macro-F1 comparison (Option-1, faithful protocols)
2026-05-08 07:49:38,666 [comprehensive] INFO: ======================================================================
2026-05-08 07:49:38,666 [comprehensive] INFO: Manifest: 18 cached kernels
2026-05-08 07:49:38,881 [comprehensive] INFO: Evaluating BSCM-uniform (Fid)             | So2Sat  physics-8            N= 1800 | proto=E32
2026-05-08 07:49:40,577 [comprehensive] INFO:     F1=0.4829 +/- 0.0271   ACC=0.5789 +/- 0.0139   bestC=100   (2s)
2026-05-08 07:49:40,577 [comprehensive] INFO:     Classical RBF-SVM [E32] ...
2026-05-08 07:49:45,512 [comprehensive] INFO:       RBF-SVM: F1=0.4653 +/- 0.0276   ACC=0.5648 +/- 0.0167
2026-05-08 07:49:45,512 [comprehensive] INFO:     Classical RandomForest [E32] ...
2026-05-08 07:49:53,527 [comprehensive] INFO:       RandomForest: F1=0.4324 +/- 0.0177   ACC=0.5881 +/- 0.0101
2026-05-08 07:49:53,678 [comprehensive] INFO: Evaluating BSCM-phi_only (Fid)            | So2Sat  physics-8            N= 1800 | proto=E32
2026-05-08 07:49:55,375 [comprehensive] INFO:     F1=0.4922 +/- 0.0244   ACC=0.5837 +/- 0.0133   bestC=100   (2s)
2026-05-08 07:49:55,507 [comprehensive] INFO: Evaluating BSCM-psi_only (Fid)            | So2Sat  physics-8            N= 1800 | proto=E32
2026-05-08 07:49:57,239 [comprehensive] INFO:     F1=0.4892 +/- 0.0246   ACC=0.5819 +/- 0.0108   bestC=100   (2s)
2026-05-08 07:49:57,373 [comprehensive] INFO: Evaluating SRQFM-fid                      | So2Sat  physics-8            N= 1800 | proto=E32
2026-05-08 07:49:59,072 [comprehensive] INFO:     F1=0.4801 +/- 0.0136   ACC=0.5756 +/- 0.0119   bestC=100   (2s)
2026-05-08 07:49:59,213 [comprehensive] INFO: Evaluating SRQFM-PQK                      | So2Sat  physics-8            N= 1800 | proto=E32
2026-05-08 07:50:00,765 [comprehensive] INFO:     F1=0.4935 +/- 0.0155   ACC=0.5841 +/- 0.0096   bestC=100   (2s)
2026-05-08 07:50:00,864 [eurosat_data] INFO: Loading cached features from /mnt/d/Quantum_kernel/quantum-sat-classification/data/processed/eurosat_band_means.npz
2026-05-08 07:50:00,896 [comprehensive] INFO: Evaluating BSCM-uniform (Fid)             | EuroSAT physics-8            N= 1500 | proto=E33_eurosat
2026-05-08 07:50:02,104 [comprehensive] INFO:     F1=0.0318 +/- 0.0082   ACC=0.1204 +/- 0.0132   bestC=1   (1s)
2026-05-08 07:50:02,104 [comprehensive] INFO:     Classical RBF-SVM [E33_eurosat] ...
2026-05-08 07:50:03,341 [comprehensive] INFO:       RBF-SVM: F1=0.6477 +/- 0.0249   ACC=0.6720 +/- 0.0234
2026-05-08 07:50:03,341 [comprehensive] INFO:     Classical RandomForest [E33_eurosat] ...
2026-05-08 07:50:12,439 [comprehensive] INFO:       RandomForest: F1=0.5861 +/- 0.0232   ACC=0.6076 +/- 0.0220
2026-05-08 07:50:12,529 [eurosat_data] INFO: Loading cached features from /mnt/d/Quantum_kernel/quantum-sat-classification/data/processed/eurosat_band_means.npz
2026-05-08 07:50:12,561 [comprehensive] INFO: Evaluating SRQFM-fid                      | EuroSAT physics-8            N= 1500 | proto=E33_eurosat
2026-05-08 07:50:13,530 [comprehensive] INFO:     F1=0.6565 +/- 0.0281   ACC=0.6744 +/- 0.0275   bestC=100   (1s)
2026-05-08 07:50:13,613 [eurosat_data] INFO: Loading cached features from /mnt/d/Quantum_kernel/quantum-sat-classification/data/processed/eurosat_band_means.npz
2026-05-08 07:50:13,646 [comprehensive] INFO: Evaluating SG-BSCM (Fid)                  | EuroSAT physics-8            N= 1500 | proto=E33_eurosat
2026-05-08 07:50:14,561 [comprehensive] INFO:     F1=0.6638 +/- 0.0271   ACC=0.6832 +/- 0.0265   bestC=100   (1s)
2026-05-08 07:50:14,645 [eurosat_data] INFO: Loading cached features from /mnt/d/Quantum_kernel/quantum-sat-classification/data/processed/eurosat_band_means.npz
2026-05-08 07:50:14,678 [comprehensive] INFO: Evaluating BSCM-uniform-PQK               | EuroSAT physics-8            N= 1500 | proto=E33_eurosat
2026-05-08 07:50:15,578 [comprehensive] INFO:     F1=0.6544 +/- 0.0236   ACC=0.6720 +/- 0.0232   bestC=100   (1s)
2026-05-08 07:50:15,671 [eurosat_data] INFO: Loading cached features from /mnt/d/Quantum_kernel/quantum-sat-classification/data/processed/eurosat_band_means.npz
2026-05-08 07:50:15,702 [comprehensive] INFO: Evaluating SG-BSCM-PQK                    | EuroSAT physics-8            N= 1500 | proto=E33_eurosat
2026-05-08 07:50:16,529 [comprehensive] INFO:     F1=0.6676 +/- 0.0301   ACC=0.6856 +/- 0.0308   bestC=100   (1s)
2026-05-08 07:50:16,610 [eurosat_data] INFO: Loading cached features from /mnt/d/Quantum_kernel/quantum-sat-classification/data/processed/eurosat_band_means.npz
2026-05-08 07:50:16,644 [comprehensive] INFO: Evaluating SRQFM-PQK                      | EuroSAT physics-8            N= 1500 | proto=E33_eurosat
2026-05-08 07:50:17,520 [comprehensive] INFO:     F1=0.6606 +/- 0.0266   ACC=0.6772 +/- 0.0260   bestC=100   (1s)
2026-05-08 07:50:17,566 [comprehensive] INFO: Evaluating BSCM-uniform (Fid)             | So2Sat  physics-Fisher-14    N=  800 | proto=bscm_14q
2026-05-08 07:50:18,121 [comprehensive] INFO:     F1=0.4179 +/- 0.0388   ACC=0.5542 +/- 0.0324   bestC=100   (1s)
2026-05-08 07:50:18,122 [comprehensive] INFO:     Classical RBF-SVM [bscm_14q] ...
2026-05-08 07:50:18,943 [comprehensive] INFO:       RBF-SVM: F1=0.4181 +/- 0.0423   ACC=0.5525 +/- 0.0337
2026-05-08 07:50:18,944 [comprehensive] INFO:     Classical RandomForest [bscm_14q] ...
2026-05-08 07:50:26,896 [comprehensive] INFO:       RandomForest: F1=0.4304 +/- 0.0458   ACC=0.6108 +/- 0.0251
2026-05-08 07:50:31,665 [comprehensive] INFO: Evaluating BSCM-PQK                       | So2Sat  physics-16           N=10000 | proto=E38
2026-05-08 07:51:07,764 [comprehensive] INFO:     F1=0.6137 +/- 0.0069   ACC=0.7028 +/- 0.0027   bestC=100   (36s)
2026-05-08 07:51:07,764 [comprehensive] INFO:     Classical RBF-SVM [E38] ...
2026-05-08 07:51:54,582 [comprehensive] INFO:       RBF-SVM: F1=0.6124 +/- 0.0135   ACC=0.7011 +/- 0.0106
2026-05-08 07:51:54,583 [comprehensive] INFO:     Classical RandomForest [E38] ...
2026-05-08 07:52:10,850 [comprehensive] INFO:       RandomForest: F1=0.6109 +/- 0.0140   ACC=0.7197 +/- 0.0072
2026-05-08 07:52:19,438 [comprehensive] INFO: Evaluating SRQFM-PQK                      | So2Sat  physics-16           N=10000 | proto=E38
2026-05-08 07:52:56,330 [comprehensive] INFO:     F1=0.6152 +/- 0.0061   ACC=0.7021 +/- 0.0072   bestC=100   (37s)
2026-05-08 07:53:19,881 [comprehensive] INFO: Evaluating Standard-PQK (Havlicek)        | So2Sat  physics-16           N=10000 | proto=E38
2026-05-08 07:54:08,032 [comprehensive] INFO:     F1=0.4420 +/- 0.0064   ACC=0.5193 +/- 0.0062   bestC=10   (48s)
2026-05-08 07:54:27,784 [eurosat_data] INFO: Loading cached features from /mnt/d/Quantum_kernel/quantum-sat-classification/data/processed/eurosat_band_means.npz
2026-05-08 07:54:27,824 [comprehensive] INFO: Evaluating BSCM-PQK                       | EuroSAT Fisher-16            N=10000 | proto=E38
2026-05-08 07:54:54,265 [comprehensive] INFO:     F1=0.8038 +/- 0.0042   ACC=0.8149 +/- 0.0034   bestC=100   (26s)
2026-05-08 07:54:54,266 [comprehensive] INFO:     Classical RBF-SVM [E38] ...
2026-05-08 07:55:24,579 [comprehensive] INFO:       RBF-SVM: F1=0.8124 +/- 0.0025   ACC=0.8235 +/- 0.0021
2026-05-08 07:55:24,580 [comprehensive] INFO:     Classical RandomForest [E38] ...
2026-05-08 07:55:41,321 [comprehensive] INFO:       RandomForest: F1=0.7181 +/- 0.0061   ACC=0.7356 +/- 0.0060
2026-05-08 07:56:00,958 [eurosat_data] INFO: Loading cached features from /mnt/d/Quantum_kernel/quantum-sat-classification/data/processed/eurosat_band_means.npz
2026-05-08 07:56:01,004 [comprehensive] INFO: Evaluating SRQFM-PQK                      | EuroSAT Fisher-16            N=10000 | proto=E38
2026-05-08 07:56:27,836 [comprehensive] INFO:     F1=0.7977 +/- 0.0037   ACC=0.8089 +/- 0.0036   bestC=100   (27s)
2026-05-08 07:56:47,659 [eurosat_data] INFO: Loading cached features from /mnt/d/Quantum_kernel/quantum-sat-classification/data/processed/eurosat_band_means.npz
2026-05-08 07:56:47,695 [comprehensive] INFO: Evaluating Standard-PQK (Havlicek)        | EuroSAT Fisher-16            N=10000 | proto=E38
2026-05-08 07:57:22,799 [comprehensive] INFO:     F1=0.7065 +/- 0.0078   ACC=0.7197 +/- 0.0074   bestC=100   (35s)
2026-05-08 07:57:22,831 [comprehensive] INFO: 
Wrote /mnt/d/Quantum_kernel/quantum-sat-classification/results/comprehensive/comparison_table.csv (28 rows)
2026-05-08 07:57:22,844 [comprehensive] INFO: 
======================================================================
FINAL TABLE (per dataset, sorted by macro-F1)
======================================================================
2026-05-08 07:57:22,856 [comprehensive] INFO: 
=== EuroSAT ===
2026-05-08 07:57:22,856 [comprehensive] INFO: Method                         Features                   N F1         F1std      ACC        ACCstd     Protocol    
2026-05-08 07:57:22,858 [comprehensive] INFO: RBF-SVM                        Fisher-16              10000 0.8124     0.0025 0.8235     0.0021 E38         
2026-05-08 07:57:22,858 [comprehensive] INFO: BSCM-PQK                       Fisher-16              10000 0.8038     0.0042 0.8149     0.0034 E38         
2026-05-08 07:57:22,859 [comprehensive] INFO: SRQFM-PQK                      Fisher-16              10000 0.7977     0.0037 0.8089     0.0036 E38         
2026-05-08 07:57:22,859 [comprehensive] INFO: RandomForest                   Fisher-16              10000 0.7181     0.0061 0.7356     0.0060 E38         
2026-05-08 07:57:22,860 [comprehensive] INFO: Standard-PQK (Havlicek)        Fisher-16              10000 0.7065     0.0078 0.7197     0.0074 E38         
2026-05-08 07:57:22,860 [comprehensive] INFO: SG-BSCM-PQK                    physics-8               1500 0.6676     0.0301 0.6856     0.0308 E33_eurosat 
2026-05-08 07:57:22,860 [comprehensive] INFO: SG-BSCM (Fid)                  physics-8               1500 0.6638     0.0271 0.6832     0.0265 E33_eurosat 
2026-05-08 07:57:22,861 [comprehensive] INFO: SRQFM-PQK                      physics-8               1500 0.6606     0.0266 0.6772     0.0260 E33_eurosat 
2026-05-08 07:57:22,861 [comprehensive] INFO: SRQFM-fid                      physics-8               1500 0.6565     0.0281 0.6744     0.0275 E33_eurosat 
2026-05-08 07:57:22,861 [comprehensive] INFO: BSCM-uniform-PQK               physics-8               1500 0.6544     0.0236 0.6720     0.0232 E33_eurosat 
2026-05-08 07:57:22,862 [comprehensive] INFO: RBF-SVM                        physics-8               1500 0.6477     0.0249 0.6720     0.0234 E33_eurosat 
2026-05-08 07:57:22,862 [comprehensive] INFO: RandomForest                   physics-8               1500 0.5861     0.0232 0.6076     0.0220 E33_eurosat 
2026-05-08 07:57:22,863 [comprehensive] INFO: BSCM-uniform (Fid)             physics-8               1500 0.0318     0.0082 0.1204     0.0132 E33_eurosat 
2026-05-08 07:57:22,864 [comprehensive] INFO: 
=== So2Sat ===
2026-05-08 07:57:22,865 [comprehensive] INFO: Method                         Features                   N F1         F1std      ACC        ACCstd     Protocol    
2026-05-08 07:57:22,865 [comprehensive] INFO: SRQFM-PQK                      physics-16             10000 0.6152     0.0061 0.7021     0.0072 E38         
2026-05-08 07:57:22,866 [comprehensive] INFO: BSCM-PQK                       physics-16             10000 0.6137     0.0069 0.7028     0.0027 E38         
2026-05-08 07:57:22,866 [comprehensive] INFO: RBF-SVM                        physics-16             10000 0.6124     0.0135 0.7011     0.0106 E38         
2026-05-08 07:57:22,867 [comprehensive] INFO: RandomForest                   physics-16             10000 0.6109     0.0140 0.7197     0.0072 E38         
2026-05-08 07:57:22,867 [comprehensive] INFO: SRQFM-PQK                      physics-8               1800 0.4935     0.0155 0.5841     0.0096 E32         
2026-05-08 07:57:22,867 [comprehensive] INFO: BSCM-phi_only (Fid)            physics-8               1800 0.4922     0.0244 0.5837     0.0133 E32         
2026-05-08 07:57:22,868 [comprehensive] INFO: BSCM-psi_only (Fid)            physics-8               1800 0.4892     0.0246 0.5819     0.0108 E32         
2026-05-08 07:57:22,868 [comprehensive] INFO: BSCM-uniform (Fid)             physics-8               1800 0.4829     0.0271 0.5789     0.0139 E32         
2026-05-08 07:57:22,869 [comprehensive] INFO: SRQFM-fid                      physics-8               1800 0.4801     0.0136 0.5756     0.0119 E32         
2026-05-08 07:57:22,869 [comprehensive] INFO: RBF-SVM                        physics-8               1800 0.4653     0.0276 0.5648     0.0167 E32         
2026-05-08 07:57:22,870 [comprehensive] INFO: Standard-PQK (Havlicek)        physics-16             10000 0.4420     0.0064 0.5193     0.0062 E38         
2026-05-08 07:57:22,870 [comprehensive] INFO: RandomForest                   physics-8               1800 0.4324     0.0177 0.5881     0.0101 E32         
2026-05-08 07:57:22,870 [comprehensive] INFO: RandomForest                   physics-Fisher-14        800 0.4304     0.0458 0.6108     0.0251 bscm_14q    
2026-05-08 07:57:22,871 [comprehensive] INFO: RBF-SVM                        physics-Fisher-14        800 0.4181     0.0423 0.5525     0.0337 bscm_14q    
2026-05-08 07:57:22,871 [comprehensive] INFO: BSCM-uniform (Fid)             physics-Fisher-14        800 0.4179     0.0388 0.5542     0.0324 bscm_14q    
2026-05-08 07:57:22,871 [comprehensive] INFO: 
LITERATURE BASELINES (saved to literature_table.csv):
2026-05-08 07:57:22,872 [comprehensive] INFO:   So2Sat       Sen2LCZ-Net (Qiu et al. 2020, ISPRS-J)             OA (test) = 0.61
2026-05-08 07:57:22,872 [comprehensive] INFO:   So2Sat       ResNeXt baseline (Zhu et al. 2020, IEEE-GRS-Mag)   OA (test) = 0.63
2026-05-08 07:57:22,872 [comprehensive] INFO:   So2Sat       LCZ Transformer ensembles (2023+)                  OA (test) = 0.68
2026-05-08 07:57:22,872 [comprehensive] INFO:   EuroSAT      Helber et al. 2019 (IEEE-JSTARS)                   OA = 0.985
2026-05-08 07:57:22,873 [comprehensive] INFO:   EuroSAT      EfficientNet ensembles 2022+                       OA = 0.99
2026-05-08 07:57:22,873 [comprehensive] INFO:   EuroSAT      Classical RF/SVM with NDVI/NDBI features           OA = 0.85
2026-05-08 07:57:22,873 [comprehensive] INFO:   EuroSAT (binary) Rodriguez-Grasa et al. MLST 2025                   OA (binary solar) = 0.9
2026-05-08 07:57:22,873 [comprehensive] INFO:   multiple     Schnabel & Roth QMI 2025                           best F1 vs RBF = -0.01
2026-05-08 07:57:22,874 [comprehensive] INFO:   multiple     Bowles et al. 2024                                 vs classical = -0.02
2026-05-08 07:57:22,874 [comprehensive] INFO: DONE.
