2026-05-04 08:27:52,547 INFO: ==============================================================================
2026-05-04 08:27:52,547 INFO:  BSCM Publication-Grade Analysis Pack
2026-05-04 08:27:52,547 INFO:  2026-05-04T08:27:52.547848
2026-05-04 08:27:52,548 INFO: ==============================================================================
2026-05-04 08:27:52,590 INFO:  Eval pool N=1800, physics-Fisher-8 features: ['NDVI', 'NDWI', 'SAVI', 'NDRE', 'MNDWI', 'EVI', 'VH_dB', 'VV_dB']
2026-05-04 08:27:52,597 INFO: 
==============================================================================
2026-05-04 08:27:52,597 INFO:  Re-evaluating kernels with predictions saved (5 seeds each)
2026-05-04 08:27:52,597 INFO: ==============================================================================
2026-05-04 08:27:52,597 INFO: 
[8q-uniform]
2026-05-04 08:27:54,363 INFO: 
[8q-phi_only]
2026-05-04 08:27:55,908 INFO: 
[14q-uniform N=800]
2026-05-04 08:27:56,464 INFO: 
[RF physics-8 N=1800]
2026-05-04 08:28:02,991 INFO: 
[RF physics-14 N=800]
2026-05-04 08:28:09,278 INFO: 
[RF physics-8 N=800]
2026-05-04 08:28:16,394 INFO: 
  Mean F1 over 5 seeds:
2026-05-04 08:28:16,395 INFO:     BSCM-phi_only          0.4922 +- 0.0272
2026-05-04 08:28:16,395 INFO:     BSCM-uniform           0.4829 +- 0.0303
2026-05-04 08:28:16,396 INFO:     BSCM-14q               0.4179 +- 0.0433
2026-05-04 08:28:16,396 INFO:     RF_phys8_N1800         0.4324 +- 0.0198
2026-05-04 08:28:16,397 INFO:     RF_phys14_N800         0.4301 +- 0.0326
2026-05-04 08:28:16,397 INFO:     RF_phys8_N800          0.4004 +- 0.0315
2026-05-04 08:28:16,398 INFO:     SRQFM-PQK              0.4924 +- 0.0242
2026-05-04 08:28:16,398 INFO:     RBF-SVM (E26)          0.5183 +- 0.0201
2026-05-04 08:28:16,398 INFO:     RF (E26)               0.4968 +- 0.0198
2026-05-04 08:28:16,399 INFO:     ZZ-PQK                 0.4449 +- 0.0225
2026-05-04 08:28:16,399 INFO: 
==============================================================================
2026-05-04 08:28:16,399 INFO:  T1a/T2c: Wilcoxon + Holm-Bonferroni
2026-05-04 08:28:16,399 INFO: ==============================================================================
2026-05-04 08:28:16,435 INFO: 
            A              B   mean_A   mean_B  delta_mean  p_raw  p_holm  reject_holm_05
BSCM-phi_only  RBF-SVM (E26) 0.492247 0.518323   -0.026076 0.1875  1.0000           False
BSCM-phi_only       RF (E26) 0.492247 0.496843   -0.004596 1.0000  1.0000           False
BSCM-phi_only      SRQFM-PQK 0.492247 0.492445   -0.000198 1.0000  1.0000           False
BSCM-phi_only   BSCM-uniform 0.492247 0.482935    0.009312 0.3125  1.0000           False
BSCM-phi_only         ZZ-PQK 0.492247 0.444902    0.047346 0.0625  0.5625           False
 BSCM-uniform         ZZ-PQK 0.482935 0.444902    0.038033 0.0625  0.5625           False
 BSCM-uniform RF_phys8_N1800 0.482935 0.432376    0.050559 0.0625  0.5625           False
     BSCM-14q RF_phys14_N800 0.417880 0.430051   -0.012171 0.3125  1.0000           False
    SRQFM-PQK  RBF-SVM (E26) 0.492445 0.518323   -0.025878 0.3125  1.0000           False
2026-05-04 08:28:16,436 INFO: 
==============================================================================
2026-05-04 08:28:16,436 INFO:  T1c: Permutation KTA test (n_perm=1000)
2026-05-04 08:28:16,436 INFO: ==============================================================================
2026-05-04 08:28:16,437 INFO:   BSCM-phi_only 8q (N=1800) ...
2026-05-04 08:29:00,806 INFO:     KTA(prod)=0.5971  null=0.5867+-0.0053  p=0.0390
2026-05-04 08:29:00,807 INFO:     KTA(class-centered)=0.2819  null=0.0272+-0.0026  p=0.0010
2026-05-04 08:29:00,808 INFO:   BSCM-uniform 8q  (N=1800) ...
2026-05-04 08:29:45,932 INFO:     KTA(prod)=0.5898  null=0.5805+-0.0042  p=0.0230
2026-05-04 08:29:45,932 INFO:     KTA(class-centered)=0.2871  null=0.0245+-0.0026  p=0.0010
2026-05-04 08:29:45,933 INFO:   BSCM-uniform 14q (N=800) ...
2026-05-04 08:30:33,894 INFO:     KTA(prod)=0.4175  null=0.4044+-0.0042  p=0.0010
2026-05-04 08:30:33,895 INFO:     KTA(class-centered)=0.3167  null=0.0549+-0.0026  p=0.0010
2026-05-04 08:30:33,903 INFO: 
==============================================================================
2026-05-04 08:30:33,903 INFO:  T1b: Bootstrap per-class F1 95% CI (B=1000)
2026-05-04 08:30:33,903 INFO: ==============================================================================
2026-05-04 08:30:41,312 INFO:   Saved bootstrap CIs for 85 (method, class) cells
2026-05-04 08:30:41,312 INFO: 
  Paired delta bootstrap: BSCM-phi_only vs RF_phys8_N1800
2026-05-04 08:30:53,063 INFO: 
  Per-class delta (phi_only - RF_p8_N1800), 95%% CI:
2026-05-04 08:30:53,067 INFO:    class                 name  delta_point  delta_lo95  delta_hi95  ci_excludes_zero
     0    Compact High Rise     0.095042   -0.044072    0.245584             False
     1     Compact Mid Rise     0.011719   -0.056998    0.082090             False
     2     Compact Low Rise     0.029083   -0.019791    0.077110             False
     3       Open High Rise     0.041668   -0.073714    0.157189             False
     4        Open Mid Rise     0.064647   -0.014532    0.144717             False
     5        Open Low Rise     0.068008    0.020782    0.110847              True
     6 Lightweight Low Rise     0.297264    0.167235    0.425426              True
     7       Large Low Rise    -0.097313   -0.152800   -0.042355              True
     8       Sparsely Built     0.100735    0.022189    0.177629              True
     9       Heavy Industry     0.077653   -0.006364    0.159847             False
    10          Dense Trees     0.018642   -0.010868    0.048248             False
    11      Scattered Trees     0.133116    0.027055    0.234078              True
    12           Bush/Scrub     0.049552   -0.025831    0.132285             False
    13           Low Plants    -0.008776   -0.050874    0.033363             False
    14      Bare Rock/Paved     0.194730   -0.042952    0.413418             False
    15       Bare Soil/Sand    -0.037279   -0.103305    0.024727             False
    16                Water    -0.011283   -0.022274   -0.001444              True
2026-05-04 08:30:53,068 INFO: 
==============================================================================
2026-05-04 08:30:53,068 INFO:  T1d: BSCM concentration metrics at n=8 (N=500 sub-sample)
2026-05-04 08:30:53,069 INFO: ==============================================================================
2026-05-04 08:30:54,133 INFO:   BSCM-uniform   n=8  (N=500)
2026-05-04 08:30:54,154 INFO:     off_mean=0.2161 var=0.0739 within1s=0.8046 eff_rk_S=16.21 KTA(prod)=0.5972 KTA(cc)=0.2853
2026-05-04 08:30:54,196 INFO:   BSCM-phi_only  n=8  (N=500)
2026-05-04 08:30:54,197 INFO:     off_mean=0.2098 var=0.0673 within1s=0.8118 eff_rk_S=19.35 KTA(prod)=0.6041 KTA(cc)=0.2789
2026-05-04 08:30:55,635 INFO:   BSCM-uniform   n=8  (N=1800)
2026-05-04 08:30:55,636 INFO:     off_mean=0.2146 var=0.0742 within1s=0.8066 eff_rk_S=16.69 KTA(prod)=0.5900 KTA(cc)=0.2755
2026-05-04 08:30:58,744 INFO:   BSCM-phi_only  n=8  (N=1800)
2026-05-04 08:30:58,744 INFO:     off_mean=0.2073 var=0.0673 within1s=0.8131 eff_rk_S=20.27 KTA(prod)=0.5956 KTA(cc)=0.2689
2026-05-04 08:30:59,593 INFO:   BSCM-uniform   n=14 (N=800)
2026-05-04 08:30:59,612 INFO:     off_mean=0.0656 var=0.0189 within1s=0.8915 eff_rk_S=111.18 KTA(prod)=0.4175 KTA(cc)=0.2982
2026-05-04 08:30:59,620 INFO: 
All outputs saved to /mnt/d/Quantum_kernel/quantum-sat-classification/results/bscm_publication_analysis
