2026-05-07 05:37:52,914 [exp_e37] INFO: ========================================================================
2026-05-07 05:37:52,914 [exp_e37] INFO:   E37: PQK Scaling Analysis (XX+YY vs ZZ at 16 Qubits)
2026-05-07 05:37:52,914 [exp_e37] INFO: ========================================================================
2026-05-07 05:37:52,936 [eurosat_data] INFO: Loading cached features from /mnt/d/Quantum_kernel/quantum-sat-classification/data/processed/eurosat_band_means.npz
2026-05-07 05:37:52,966 [exp_e37] INFO: Dataset: EuroSAT physics-16 (re-uploaded), N=1500, features=16
2026-05-07 05:37:52,967 [exp_e37] INFO: 
--- Classical RBF-SVM Baseline ---
2026-05-07 05:37:56,649 [exp_e37] INFO: RBF-SVM F1: 0.6598 +/- 0.0256

2026-05-07 05:37:56,649 [exp_e37] INFO: ============================================================
2026-05-07 05:37:56,650 [exp_e37] INFO:   DEPTH L = 2
2026-05-07 05:37:56,650 [exp_e37] INFO: ============================================================
2026-05-07 05:37:56,652 [exp_e37] INFO:   Computing SRQFM-PQK (L=2) Bloch vectors...
2026-05-07 05:39:06,459 [exp_e37] INFO:   Done in 69.0s
2026-05-07 05:39:06,463 [exp_e37] INFO:   Mean Bloch magnitude: 0.9429
2026-05-07 05:39:07,414 [exp_e37] INFO:   SRQFM-PQK K_off_diag: 0.1697
2026-05-07 05:39:08,437 [exp_e37] INFO:   --> SRQFM-PQK (L=2) F1: 0.6367 +/- 0.0167

2026-05-07 05:39:08,440 [exp_e37] INFO:   Computing SG-BSCM-PQK (L=2) Bloch vectors...
2026-05-07 05:40:34,219 [exp_e37] INFO:   Done in 85.8s
2026-05-07 05:40:34,220 [exp_e37] INFO:   Mean Bloch magnitude: 0.9965
2026-05-07 05:40:35,099 [exp_e37] INFO:   SG-BSCM-PQK K_off_diag: 0.1874
2026-05-07 05:40:35,949 [exp_e37] INFO:   --> SG-BSCM-PQK (L=2) F1: 0.6684 +/- 0.0267

2026-05-07 05:40:35,950 [exp_e37] INFO: ============================================================
2026-05-07 05:40:35,951 [exp_e37] INFO:   DEPTH L = 4
2026-05-07 05:40:35,951 [exp_e37] INFO: ============================================================
2026-05-07 05:40:35,953 [exp_e37] INFO:   Computing SRQFM-PQK (L=4) Bloch vectors...
2026-05-07 05:42:35,132 [exp_e37] INFO:   Done in 119.2s
2026-05-07 05:42:35,133 [exp_e37] INFO:   Mean Bloch magnitude: 0.9386
2026-05-07 05:42:36,019 [exp_e37] INFO:   SRQFM-PQK K_off_diag: 0.1290
2026-05-07 05:42:36,967 [exp_e37] INFO:   --> SRQFM-PQK (L=4) F1: 0.6403 +/- 0.0185

2026-05-07 05:42:36,968 [exp_e37] INFO:   Computing SG-BSCM-PQK (L=4) Bloch vectors...
2026-05-07 05:45:12,300 [exp_e37] INFO:   Done in 155.3s
2026-05-07 05:45:12,300 [exp_e37] INFO:   Mean Bloch magnitude: 0.9986
2026-05-07 05:45:13,256 [exp_e37] INFO:   SG-BSCM-PQK K_off_diag: 0.1051
2026-05-07 05:45:14,249 [exp_e37] INFO:   --> SG-BSCM-PQK (L=4) F1: 0.6385 +/- 0.0137

2026-05-07 05:45:14,250 [exp_e37] INFO: ============================================================
2026-05-07 05:45:14,251 [exp_e37] INFO:   DEPTH L = 6
2026-05-07 05:45:14,251 [exp_e37] INFO: ============================================================
2026-05-07 05:45:14,252 [exp_e37] INFO:   Computing SRQFM-PQK (L=6) Bloch vectors...
