2026-05-05 01:53:20,105 [exp_e32] INFO: ========================================================================
2026-05-05 01:53:20,105 [exp_e32] INFO:   E32: BSCM Fidelity Benchmark on So2Sat (physics8 + pca8)
2026-05-05 01:53:20,105 [exp_e32] INFO: ========================================================================
2026-05-05 01:53:20,106 [exp_e32] INFO:   Date:  2026-05-05T01:53:20.106087
2026-05-05 01:53:20,106 [exp_e32] INFO:   Seeds: [42, 43, 44, 45, 46]
2026-05-05 01:53:20,122 [exp_e32] INFO:   Locked tau (from holdout-only Phase 2): 0.250
2026-05-05 01:53:20,122 [exp_e32] INFO: 
========================================================================
2026-05-05 01:53:20,122 [exp_e32] INFO:   Feature set: physics8  (tau_locked = 0.250)
2026-05-05 01:53:20,123 [exp_e32] INFO: ========================================================================
2026-05-05 01:53:20,155 [exp_e32] INFO:   EVAL pool: N=1800  features=['NDVI', 'NDWI', 'SAVI', 'NDRE', 'MNDWI', 'EVI', 'VH_dB', 'VV_dB']
2026-05-05 01:53:20,157 [src.bscm_kernel] INFO: [CACHE] Loading BSCM kernel from /mnt/d/Quantum_kernel/quantum-sat-classification/results/bscm/K_bscm_physics8_uniform.npy
2026-05-05 01:53:20,297 [exp_e32] INFO:   BSCM-uniform built  (0.1s)
2026-05-05 01:53:20,298 [src.bscm_kernel] INFO: [CACHE] Loading BSCM kernel from /mnt/d/Quantum_kernel/quantum-sat-classification/results/bscm/K_bscm_physics8_phi_only.npy
2026-05-05 01:53:20,434 [exp_e32] INFO:   BSCM-phi_only built  (0.1s)
2026-05-05 01:53:20,435 [src.bscm_kernel] INFO: [CACHE] Loading BSCM kernel from /mnt/d/Quantum_kernel/quantum-sat-classification/results/bscm/K_bscm_physics8_psi_only.npy
2026-05-05 01:53:20,590 [exp_e32] INFO:   BSCM-psi_only built  (0.2s)
2026-05-05 01:53:23,604 [src.srqfm_fidelity_kernel] INFO: [CKPT] Resuming SRQFM-fid(physics8) from row 725/1800
2026-05-05 03:38:35,355 [src.srqfm_fidelity_kernel] INFO: Saved SRQFM-fidelity kernel to /mnt/d/Quantum_kernel/quantum-sat-classification/results/bscm/K_srqfm_fid_physics8.npy
2026-05-05 03:38:35,357 [exp_e32] INFO:   SRQFM-fid built  (6314.8s)
2026-05-05 03:38:35,358 [src.srqfm_kernel] INFO: Computing SRQFM Bloch vectors: N=1800, qubits=8, reps=2, connectivity=all
2026-05-05 03:39:29,462 [src.srqfm_kernel] INFO:   Bloch magnitudes: [0.729, 0.67, 0.745, 0.732, 0.628, 0.751, 0.744, 0.746] (mean=0.718)
2026-05-05 03:39:29,477 [src.srqfm_kernel] INFO: Computing SRQFM-PQK kernel: 1800x1800 (symmetric)
2026-05-05 03:39:30,528 [src.srqfm_kernel] INFO: Saved SRQFM-PQK kernel: /mnt/d/Quantum_kernel/quantum-sat-classification/results/bscm/K_srqfm_pqk_physics8.npy
2026-05-05 03:39:30,528 [exp_e32] INFO:   SRQFM-PQK built  (55.2s)
2026-05-05 03:39:55,670 [exp_e32] INFO:   BSCM-uniform       off_mean=0.2146  off_var=0.07421  eff_rank=16.7
2026-05-05 03:40:06,105 [exp_e32] INFO:   BSCM-phi_only      off_mean=0.2073  off_var=0.06729  eff_rank=20.3
2026-05-05 03:40:19,694 [exp_e32] INFO:   BSCM-psi_only      off_mean=0.2127  off_var=0.06466  eff_rank=19.9
2026-05-05 03:40:24,171 [exp_e32] INFO:   SRQFM-fid          off_mean=0.1497  off_var=0.05558  eff_rank=29.8
2026-05-05 03:41:27,961 [exp_e32] INFO:   SRQFM-PQK          off_mean=0.2683  off_var=0.06579  eff_rank=15.0
2026-05-05 03:41:27,979 [exp_e32] INFO: 
  Seed 42 (feature_set=physics8):
2026-05-05 03:41:28,496 [exp_e32] INFO:     BSCM-uniform       F1=0.5111  C=100
2026-05-05 03:41:28,842 [exp_e32] INFO:     BSCM-phi_only      F1=0.5318  C=100
2026-05-05 03:41:29,158 [exp_e32] INFO:     BSCM-psi_only      F1=0.5304  C=100
2026-05-05 03:41:29,553 [exp_e32] INFO:     SRQFM-fid          F1=0.4972  C=100
2026-05-05 03:41:30,028 [exp_e32] INFO:     SRQFM-PQK          F1=0.5204  C=100
2026-05-05 03:41:35,451 [exp_e32] INFO:     RBF-SVM            F1=0.4966  C=100  gamma=0.1
2026-05-05 03:41:37,116 [exp_e32] INFO:     RandomForest       F1=0.4636
2026-05-05 03:41:37,117 [exp_e32] INFO: 
  Seed 43 (feature_set=physics8):
2026-05-05 03:41:37,382 [exp_e32] INFO:     BSCM-uniform       F1=0.4873  C=100
2026-05-05 03:41:37,644 [exp_e32] INFO:     BSCM-phi_only      F1=0.4842  C=100
2026-05-05 03:41:37,937 [exp_e32] INFO:     BSCM-psi_only      F1=0.4835  C=100
2026-05-05 03:41:38,358 [exp_e32] INFO:     SRQFM-fid          F1=0.4632  C=100
2026-05-05 03:41:38,761 [exp_e32] INFO:     SRQFM-PQK          F1=0.4903  C=100
2026-05-05 03:41:39,433 [exp_e32] INFO:     RBF-SVM            F1=0.4761  C=100  gamma=scale
2026-05-05 03:41:41,336 [exp_e32] INFO:     RandomForest       F1=0.4343
2026-05-05 03:41:41,336 [exp_e32] INFO: 
  Seed 44 (feature_set=physics8):
2026-05-05 03:41:41,793 [exp_e32] INFO:     BSCM-uniform       F1=0.5080  C=100
2026-05-05 03:41:42,168 [exp_e32] INFO:     BSCM-phi_only      F1=0.5046  C=100
2026-05-05 03:41:42,648 [exp_e32] INFO:     BSCM-psi_only      F1=0.4978  C=100
2026-05-05 03:41:43,198 [exp_e32] INFO:     SRQFM-fid          F1=0.4848  C=100
2026-05-05 03:41:43,685 [exp_e32] INFO:     SRQFM-PQK          F1=0.4942  C=100
2026-05-05 03:41:44,327 [exp_e32] INFO:     RBF-SVM            F1=0.4716  C=100  gamma=0.1
2026-05-05 03:41:46,312 [exp_e32] INFO:     RandomForest       F1=0.4328
2026-05-05 03:41:46,312 [exp_e32] INFO: 
  Seed 45 (feature_set=physics8):
2026-05-05 03:41:46,873 [exp_e32] INFO:     BSCM-uniform       F1=0.4373  C=100
2026-05-05 03:41:47,353 [exp_e32] INFO:     BSCM-phi_only      F1=0.4598  C=100
2026-05-05 03:41:47,956 [exp_e32] INFO:     BSCM-psi_only      F1=0.4563  C=100
2026-05-05 03:41:48,613 [exp_e32] INFO:     SRQFM-fid          F1=0.4650  C=100
2026-05-05 03:41:49,145 [exp_e32] INFO:     SRQFM-PQK          F1=0.4723  C=100
2026-05-05 03:41:49,942 [exp_e32] INFO:     RBF-SVM            F1=0.4138  C=100  gamma=0.1
2026-05-05 03:41:51,778 [exp_e32] INFO:     RandomForest       F1=0.4119
2026-05-05 03:41:51,779 [exp_e32] INFO: 
  Seed 46 (feature_set=physics8):
2026-05-05 03:41:52,374 [exp_e32] INFO:     BSCM-uniform       F1=0.4710  C=100
2026-05-05 03:41:52,935 [exp_e32] INFO:     BSCM-phi_only      F1=0.4807  C=100
2026-05-05 03:41:53,400 [exp_e32] INFO:     BSCM-psi_only      F1=0.4777  C=100
2026-05-05 03:41:54,083 [exp_e32] INFO:     SRQFM-fid          F1=0.4901  C=100
2026-05-05 03:41:54,494 [exp_e32] INFO:     SRQFM-PQK          F1=0.4902  C=100
2026-05-05 03:41:55,135 [exp_e32] INFO:     RBF-SVM            F1=0.4686  C=100  gamma=0.1
2026-05-05 03:41:57,067 [exp_e32] INFO:     RandomForest       F1=0.4193
2026-05-05 03:41:57,067 [exp_e32] INFO: 
========================================================================
2026-05-05 03:41:57,068 [exp_e32] INFO:   Feature set: pca8  (tau_locked = 0.250)
2026-05-05 03:41:57,068 [exp_e32] INFO: ========================================================================
2026-05-05 03:41:57,129 [exp_e32] INFO:   EVAL pool: N=1800  features=['pc1', 'pc2', 'pc3', 'pc4', 'pc5', 'pc6', 'pc7', 'pc8']
2026-05-05 18:26:28,145 [src.bscm_kernel] INFO: Saved BSCM kernel to /mnt/d/Quantum_kernel/quantum-sat-classification/results/bscm/K_bscm_pca8_uniform.npy
2026-05-05 18:26:28,326 [exp_e32] INFO:   BSCM-uniform built  (53071.2s)
2026-05-06 13:22:26,682 [src.bscm_kernel] INFO: Saved BSCM kernel to /mnt/d/Quantum_kernel/quantum-sat-classification/results/bscm/K_bscm_pca8_phi_only.npy
2026-05-06 13:22:26,698 [exp_e32] INFO:   BSCM-phi_only built  (68158.4s)
2026-05-07 08:33:18,187 [src.bscm_kernel] INFO: Saved BSCM kernel to /mnt/d/Quantum_kernel/quantum-sat-classification/results/bscm/K_bscm_pca8_psi_only.npy
2026-05-07 08:33:18,193 [exp_e32] INFO:   BSCM-psi_only built  (69051.5s)
2026-05-07 11:40:50,729 [src.srqfm_fidelity_kernel] INFO: Saved SRQFM-fidelity kernel to /mnt/d/Quantum_kernel/quantum-sat-classification/results/bscm/K_srqfm_fid_pca8.npy
2026-05-07 11:40:50,736 [exp_e32] INFO:   SRQFM-fid built  (11252.5s)
2026-05-07 11:40:50,740 [src.srqfm_kernel] INFO: Computing SRQFM Bloch vectors: N=1800, qubits=8, reps=2, connectivity=all
2026-05-07 11:41:32,255 [src.srqfm_kernel] INFO:   Bloch magnitudes: [0.963, 0.963, 0.962, 0.961, 0.959, 0.963, 0.961, 0.966] (mean=0.962)
2026-05-07 11:41:32,256 [src.srqfm_kernel] INFO: Computing SRQFM-PQK kernel: 1800x1800 (symmetric)
2026-05-07 11:41:33,128 [src.srqfm_kernel] INFO: Saved SRQFM-PQK kernel: /mnt/d/Quantum_kernel/quantum-sat-classification/results/bscm/K_srqfm_pqk_pca8.npy
2026-05-07 11:41:33,129 [exp_e32] INFO:   SRQFM-PQK built  (42.4s)
2026-05-07 11:41:33,828 [exp_e32] INFO:   BSCM-uniform       off_mean=0.7301  off_var=0.10663  eff_rank=3.5
2026-05-07 11:41:35,496 [exp_e32] INFO:   BSCM-phi_only      off_mean=0.6167  off_var=0.13682  eff_rank=5.5
2026-05-07 11:41:37,201 [exp_e32] INFO:   BSCM-psi_only      off_mean=0.6016  off_var=0.13380  eff_rank=5.4
2026-05-07 11:41:37,662 [exp_e32] INFO:   SRQFM-fid          off_mean=0.6969  off_var=0.12040  eff_rank=4.5
2026-05-07 11:41:38,171 [exp_e32] INFO:   SRQFM-PQK          off_mean=0.7013  off_var=0.09976  eff_rank=4.2
2026-05-07 11:41:38,172 [exp_e32] INFO: 
  Seed 42 (feature_set=pca8):
2026-05-07 11:41:38,541 [exp_e32] INFO:     BSCM-uniform       F1=0.1529  C=10
2026-05-07 11:41:38,875 [exp_e32] INFO:     BSCM-phi_only      F1=0.2013  C=100
2026-05-07 11:41:39,198 [exp_e32] INFO:     BSCM-psi_only      F1=0.1973  C=100
2026-05-07 11:41:39,501 [exp_e32] INFO:     SRQFM-fid          F1=0.1813  C=100
2026-05-07 11:41:39,778 [exp_e32] INFO:     SRQFM-PQK          F1=0.1822  C=100
2026-05-07 11:41:42,868 [exp_e32] INFO:     RBF-SVM            F1=0.1747  C=100  gamma=1.0
2026-05-07 11:41:44,261 [exp_e32] INFO:     RandomForest       F1=0.2125
2026-05-07 11:41:44,262 [exp_e32] INFO: 
  Seed 43 (feature_set=pca8):
2026-05-07 11:41:44,570 [exp_e32] INFO:     BSCM-uniform       F1=0.1757  C=100
2026-05-07 11:41:44,871 [exp_e32] INFO:     BSCM-phi_only      F1=0.1936  C=100
2026-05-07 11:41:45,178 [exp_e32] INFO:     BSCM-psi_only      F1=0.1984  C=100
2026-05-07 11:41:45,455 [exp_e32] INFO:     SRQFM-fid          F1=0.1937  C=100
2026-05-07 11:41:45,758 [exp_e32] INFO:     SRQFM-PQK          F1=0.1773  C=100
2026-05-07 11:41:46,202 [exp_e32] INFO:     RBF-SVM            F1=0.1936  C=100  gamma=scale
2026-05-07 11:41:47,554 [exp_e32] INFO:     RandomForest       F1=0.1937
2026-05-07 11:41:47,555 [exp_e32] INFO: 
  Seed 44 (feature_set=pca8):
2026-05-07 11:41:47,861 [exp_e32] INFO:     BSCM-uniform       F1=0.1642  C=100
2026-05-07 11:41:48,137 [exp_e32] INFO:     BSCM-phi_only      F1=0.1692  C=100
2026-05-07 11:41:48,428 [exp_e32] INFO:     BSCM-psi_only      F1=0.1657  C=100
2026-05-07 11:41:48,721 [exp_e32] INFO:     SRQFM-fid          F1=0.1664  C=100
2026-05-07 11:41:49,008 [exp_e32] INFO:     SRQFM-PQK          F1=0.1741  C=100
2026-05-07 11:41:49,457 [exp_e32] INFO:     RBF-SVM            F1=0.1692  C=100  gamma=scale
2026-05-07 11:41:50,829 [exp_e32] INFO:     RandomForest       F1=0.1902
2026-05-07 11:41:50,829 [exp_e32] INFO: 
  Seed 45 (feature_set=pca8):
2026-05-07 11:41:51,103 [exp_e32] INFO:     BSCM-uniform       F1=0.1626  C=100
2026-05-07 11:41:51,410 [exp_e32] INFO:     BSCM-phi_only      F1=0.1735  C=100
2026-05-07 11:41:51,725 [exp_e32] INFO:     BSCM-psi_only      F1=0.1835  C=100
2026-05-07 11:41:51,996 [exp_e32] INFO:     SRQFM-fid          F1=0.1283  C=10
2026-05-07 11:41:52,305 [exp_e32] INFO:     SRQFM-PQK          F1=0.1617  C=10
2026-05-07 11:41:52,786 [exp_e32] INFO:     RBF-SVM            F1=0.1875  C=100  gamma=1.0
2026-05-07 11:41:54,099 [exp_e32] INFO:     RandomForest       F1=0.2056
2026-05-07 11:41:54,099 [exp_e32] INFO: 
  Seed 46 (feature_set=pca8):
2026-05-07 11:41:54,385 [exp_e32] INFO:     BSCM-uniform       F1=0.1851  C=100
2026-05-07 11:41:54,687 [exp_e32] INFO:     BSCM-phi_only      F1=0.1627  C=100
2026-05-07 11:41:54,995 [exp_e32] INFO:     BSCM-psi_only      F1=0.1823  C=100
2026-05-07 11:41:55,279 [exp_e32] INFO:     SRQFM-fid          F1=0.1548  C=100
2026-05-07 11:41:55,549 [exp_e32] INFO:     SRQFM-PQK          F1=0.1561  C=100
2026-05-07 11:41:55,995 [exp_e32] INFO:     RBF-SVM            F1=0.1719  C=100  gamma=scale
2026-05-07 11:41:57,328 [exp_e32] INFO:     RandomForest       F1=0.2000
2026-05-07 11:41:57,391 [exp_e32] INFO: 
  Saved metrics: /mnt/d/Quantum_kernel/quantum-sat-classification/results/bscm/metrics.csv
2026-05-07 11:41:57,409 [exp_e32] INFO: 
  --- Stats: feature_set=physics8, primary=BSCM-uniform ---
2026-05-07 11:41:57,409 [exp_e32] INFO:     BSCM-phi_only      mean=0.4922  std=0.0244  n=5
2026-05-07 11:41:57,410 [exp_e32] INFO:     BSCM-psi_only      mean=0.4892  std=0.0246  n=5
2026-05-07 11:41:57,410 [exp_e32] INFO:     BSCM-uniform       mean=0.4829  std=0.0271  n=5
2026-05-07 11:41:57,411 [exp_e32] INFO:     RBF-SVM            mean=0.4653  std=0.0276  n=5
2026-05-07 11:41:57,411 [exp_e32] INFO:     RandomForest       mean=0.4324  std=0.0177  n=5
2026-05-07 11:41:57,411 [exp_e32] INFO:     SRQFM-PQK          mean=0.4935  std=0.0155  n=5
2026-05-07 11:41:57,411 [exp_e32] INFO:     SRQFM-fid          mean=0.4801  std=0.0136  n=5
2026-05-07 11:41:57,417 [exp_e32] INFO:     Method                p-value  Cohen-d   sig*
2026-05-07 11:41:57,418 [exp_e32] INFO:     BSCM-phi_only          0.3125   -0.323       
2026-05-07 11:41:57,418 [exp_e32] INFO:     BSCM-psi_only          0.4375   -0.215       
2026-05-07 11:41:57,419 [exp_e32] INFO:     RBF-SVM                0.0625    0.576       
2026-05-07 11:41:57,419 [exp_e32] INFO:     RandomForest           0.0625    1.976       
2026-05-07 11:41:57,420 [exp_e32] INFO:     SRQFM-PQK              0.3125   -0.428       
2026-05-07 11:41:57,420 [exp_e32] INFO:     SRQFM-fid              1.0000    0.119       
2026-05-07 11:41:57,424 [exp_e32] INFO: 
  --- Stats: feature_set=pca8, primary=BSCM-uniform ---
2026-05-07 11:41:57,424 [exp_e32] INFO:     BSCM-phi_only      mean=0.1801  std=0.0148  n=5
2026-05-07 11:41:57,424 [exp_e32] INFO:     BSCM-psi_only      mean=0.1854  std=0.0119  n=5
2026-05-07 11:41:57,425 [exp_e32] INFO:     BSCM-uniform       mean=0.1681  std=0.0112  n=5
2026-05-07 11:41:57,425 [exp_e32] INFO:     RBF-SVM            mean=0.1794  std=0.0095  n=5
2026-05-07 11:41:57,425 [exp_e32] INFO:     RandomForest       mean=0.2004  std=0.0080  n=5
2026-05-07 11:41:57,425 [exp_e32] INFO:     SRQFM-PQK          mean=0.1703  std=0.0098  n=5
2026-05-07 11:41:57,426 [exp_e32] INFO:     SRQFM-fid          mean=0.1649  std=0.0225  n=5
2026-05-07 11:41:57,430 [exp_e32] INFO:     Method                p-value  Cohen-d   sig*
2026-05-07 11:41:57,430 [exp_e32] INFO:     BSCM-phi_only          0.4375   -0.816       
2026-05-07 11:41:57,431 [exp_e32] INFO:     BSCM-psi_only          0.1875   -1.342       
2026-05-07 11:41:57,431 [exp_e32] INFO:     RBF-SVM                0.1875   -0.974       
2026-05-07 11:41:57,431 [exp_e32] INFO:     RandomForest           0.0625   -2.973       
2026-05-07 11:41:57,431 [exp_e32] INFO:     SRQFM-PQK              0.6250   -0.186       
2026-05-07 11:41:57,431 [exp_e32] INFO:     SRQFM-fid              0.8125    0.161       
2026-05-07 11:41:57,431 [exp_e32] INFO: 
  E32 complete.
