2026-05-01 17:43:57,901 [bscm_phase2] INFO: ======================================================================
2026-05-01 17:43:57,902 [bscm_phase2] INFO:   BSCM Phase 2 sanity check (N=200)
2026-05-01 17:43:57,902 [bscm_phase2] INFO: ======================================================================
2026-05-01 17:43:57,970 [bscm_phase2] INFO:   Selected features: ['NDVI', 'NDWI', 'SAVI', 'NDRE', 'MNDWI', 'EVI', 'VH_dB', 'VV_dB']
2026-05-01 17:43:57,975 [bscm_phase2] INFO:   N=200, classes present: 17
2026-05-01 17:43:58,011 [bscm_phase2] INFO:   Top 5 BSCM coupling pairs (by max-amplitude mean):
2026-05-01 17:43:58,012 [bscm_phase2] INFO:     NDVI-NDRE  alpha~=+0.189  beta~=+0.309  max-amp~=0.434
2026-05-01 17:43:58,012 [bscm_phase2] INFO:     NDVI-NDWI  alpha~=-0.199  beta~=+0.272  max-amp~=0.413
2026-05-01 17:43:58,012 [bscm_phase2] INFO:     NDVI-EVI  alpha~=+0.160  beta~=+0.308  max-amp~=0.411
2026-05-01 17:43:58,013 [bscm_phase2] INFO:     NDWI-NDRE  alpha~=-0.198  beta~=+0.274  max-amp~=0.410
2026-05-01 17:43:58,013 [bscm_phase2] INFO:     NDRE-EVI  alpha~=+0.153  beta~=+0.311  max-amp~=0.409
2026-05-01 17:46:08,646 [src.bscm_kernel] INFO: Saved BSCM kernel to D:\Quantum_kernel\quantum-sat-classification\results\bscm_phase2\K_bscm_n200.npy
2026-05-01 17:47:16,484 [src.srqfm_fidelity_kernel] INFO: Saved SRQFM-fidelity kernel to D:\Quantum_kernel\quantum-sat-classification\results\bscm_phase2\K_srqfm_fid_n200.npy
2026-05-01 17:47:16,493 [bscm_phase2] INFO: 
2026-05-01 17:47:16,493 [bscm_phase2] INFO:   Wall-clock:  BSCM=130.6s   SRQFM-fid=67.8s
2026-05-01 17:47:16,493 [bscm_phase2] INFO: 
2026-05-01 17:47:16,493 [bscm_phase2] INFO:   metric       | BSCM       | SRQFM-fid 
2026-05-01 17:47:16,493 [bscm_phase2] INFO:   --------------------------------------
2026-05-01 17:47:16,493 [bscm_phase2] INFO:   off_diag_mean |     0.0669 |     0.1305
2026-05-01 17:47:16,493 [bscm_phase2] INFO:   off_diag_var |     0.0204 |     0.0480
2026-05-01 17:47:16,493 [bscm_phase2] INFO:   polarization |     0.0204 |     0.0480
2026-05-01 17:47:16,493 [bscm_phase2] INFO:   eff_rank_shannon |    63.8751 |    27.2663
2026-05-01 17:47:16,493 [bscm_phase2] INFO:   eff_rank_huang |     9.5186 |     5.4409
2026-05-01 17:47:16,493 [bscm_phase2] INFO:   KTA          |     0.3971 |     0.3827
2026-05-01 17:47:16,494 [bscm_phase2] INFO: 
2026-05-01 17:47:16,494 [bscm_phase2] INFO:   Decision rule (BSCM >= 0.8 x SRQFM):
2026-05-01 17:47:16,494 [bscm_phase2] INFO:     off_diag_var      : FAIL
2026-05-01 17:47:16,494 [bscm_phase2] INFO:     KTA               : PASS
2026-05-01 17:47:16,494 [bscm_phase2] INFO:     eff_rank_shannon  : PASS
2026-05-01 17:47:16,494 [bscm_phase2] INFO:   Overall decision   : STOP and revisit hyperparameters
2026-05-01 17:47:16,494 [bscm_phase2] INFO:   Saved metrics to D:\Quantum_kernel\quantum-sat-classification\results\bscm_phase2\sanity_metrics.json
